// Jest Snapshot v1, https://goo.gl/fbAQLP

exports[`Question TEXT 1`] = `
<main>
  <main
    className="ExpensionStep -current"
  >
    <header
      className="ExpensionStep_header"
      onClick={[Function]}
    >
      1
      . 
      Sélection de l’appel à candidature et des leviers d’optimisation 
    </header>
    <div
      className="MuiCollapse-container-1 MuiCollapse-entered-2 ExpensionStep_body"
      style={
        Object {
          "minHeight": "0px",
        }
      }
    >
      <div
        className="MuiCollapse-wrapper-3"
      >
        <div
          className="MuiCollapse-wrapperInner-4"
        >
          <div
            className="ExpensionStep_content"
          >
            <main>
              <div
                className="Section_label"
              />
              <main
                className="Question Question-Q1"
              >
                <div
                  className="Question_label"
                >
                  Appel à candidature obligatoire :
                  <span
                    className="Question_required"
                  >
                    *
                  </span>
                </div>
                <div
                  className="Question_description"
                />
                <div
                  className="Question_answer"
                >
                  <div
                    className="MuiFormGroup-root-5"
                    role="radiogroup"
                  >
                    <label
                      className="MuiFormControlLabel-root-7"
                      onClick={[Function]}
                    >
                      <span
                        className="MuiButtonBase-root-26 MuiIconButton-root-20 MuiSwitchBase-root-15 MuiSwitchBase-default-17 MuiRadio-default-10 MuiSwitchBase-checked-18 MuiRadio-checked-11 MuiRadio-checkedSecondary-13"
                        onBlur={[Function]}
                        onFocus={[Function]}
                        onKeyDown={[Function]}
                        onKeyUp={[Function]}
                        onMouseDown={[Function]}
                        onMouseLeave={[Function]}
                        onMouseUp={[Function]}
                        onTouchEnd={[Function]}
                        onTouchMove={[Function]}
                        onTouchStart={[Function]}
                        tabIndex={null}
                      >
                        <span
                          className="MuiIconButton-label-25"
                        >
                          <svg
                            aria-hidden="true"
                            className="MuiSvgIcon-root-29"
                            focusable="false"
                            viewBox="0 0 24 24"
                          >
                            <path
                              d="M12 7c-2.76 0-5 2.24-5 5s2.24 5 5 5 5-2.24 5-5-2.24-5-5-5zm0-5C6.48 2 2 6.48 2 12s4.48 10 10 10 10-4.48 10-10S17.52 2 12 2zm0 18c-4.42 0-8-3.58-8-8s3.58-8 8-8 8 3.58 8 8-3.58 8-8 8z"
                            />
                          </svg>
                          <input
                            checked={true}
                            className="MuiSwitchBase-input-16"
                            disabled={false}
                            onChange={[Function]}
                            type="radio"
                            value="Extension des consignes de tri"
                          />
                        </span>
                        <span
                          className="MuiTouchRipple-root-35"
                        />
                      </span>
                      <span
                        className="MuiTypography-root-42 MuiTypography-body1-51 MuiFormControlLabel-label-9"
                      >
                        Extension des consignes de tri
                      </span>
                    </label>
                    <label
                      className="MuiFormControlLabel-root-7"
                      onClick={[Function]}
                    >
                      <span
                        className="MuiButtonBase-root-26 MuiIconButton-root-20 MuiSwitchBase-root-15 MuiSwitchBase-default-17 MuiRadio-default-10"
                        onBlur={[Function]}
                        onFocus={[Function]}
                        onKeyDown={[Function]}
                        onKeyUp={[Function]}
                        onMouseDown={[Function]}
                        onMouseLeave={[Function]}
                        onMouseUp={[Function]}
                        onTouchEnd={[Function]}
                        onTouchMove={[Function]}
                        onTouchStart={[Function]}
                        tabIndex={null}
                      >
                        <span
                          className="MuiIconButton-label-25"
                        >
                          <svg
                            aria-hidden="true"
                            className="MuiSvgIcon-root-29"
                            focusable="false"
                            viewBox="0 0 24 24"
                          >
                            <path
                              d="M12 2C6.48 2 2 6.48 2 12s4.48 10 10 10 10-4.48 10-10S17.52 2 12 2zm0 18c-4.42 0-8-3.58-8-8s3.58-8 8-8 8 3.58 8 8-3.58 8-8 8z"
                            />
                          </svg>
                          <input
                            checked={false}
                            className="MuiSwitchBase-input-16"
                            disabled={false}
                            onChange={[Function]}
                            type="radio"
                            value="Ne pas laisser couler l'eau"
                          />
                        </span>
                        <span
                          className="MuiTouchRipple-root-35"
                        />
                      </span>
                      <span
                        className="MuiTypography-root-42 MuiTypography-body1-51 MuiFormControlLabel-label-9"
                      >
                        Ne pas laisser couler l'eau
                      </span>
                    </label>
                  </div>
                </div>
              </main>
              <div
                className="Section_action"
              >
                <button
                  className="MuiButtonBase-root-26 MuiButton-root-66 MuiButton-raised-71 MuiButton-raisedPrimary-73 Section_end"
                  disabled={false}
                  onBlur={[Function]}
                  onClick={[Function]}
                  onFocus={[Function]}
                  onKeyDown={[Function]}
                  onKeyUp={[Function]}
                  onMouseDown={[Function]}
                  onMouseLeave={[Function]}
                  onMouseUp={[Function]}
                  onTouchEnd={[Function]}
                  onTouchMove={[Function]}
                  onTouchStart={[Function]}
                  tabIndex="0"
                  type="button"
                >
                  <span
                    className="MuiButton-label-67"
                  >
                    End
                  </span>
                  <span
                    className="MuiTouchRipple-root-35"
                  />
                </button>
              </div>
            </main>
          </div>
        </div>
      </div>
    </div>
  </main>
</main>
`;
